// Jest Snapshot v1, https://goo.gl/fbAQLP

exports[`DeviceOverview.jsx renders without crashing 1`] = `
ShallowWrapper {
  "length": 1,
  Symbol(enzyme.__root__): [Circular],
  Symbol(enzyme.__unrendered__): <DeviceOverview />,
  Symbol(enzyme.__renderer__): Object {
    "batchedUpdates": [Function],
    "getNode": [Function],
    "render": [Function],
    "simulateEvent": [Function],
    "unmount": [Function],
  },
  Symbol(enzyme.__node__): Object {
    "instance": null,
    "key": undefined,
    "nodeType": "host",
    "props": Object {
      "children": Array [
        <div
          className="DeviceOverview__search-bar-container"
        >
          <UNDEFINED>
            <Search
              className="DeviceOverview__search-bar"
              id="device-search"
              labelText="Search"
              onChange={[Function]}
              placeHolderText="Search Devices"
              small={true}
              type="text"
            />
          </UNDEFINED>
        </div>,
        <div
          className="DeviceOverview__content DeviceOverview__content-loading"
        >
          <div>
            <div
              style={
                Object {
                  "display": "flex",
                  "justifyContent": "center",
                }
              }
            >
              <Loading
                active={true}
                small={true}
                withOverlay={false}
              />
            </div>
            <div>
              Loading. Please Wait...
            </div>
          </div>
        </div>,
      ],
      "className": "DeviceOverview",
    },
    "ref": null,
    "rendered": Array [
      Object {
        "instance": null,
        "key": undefined,
        "nodeType": "host",
        "props": Object {
          "children": <UNDEFINED>
            <Search
              className="DeviceOverview__search-bar"
              id="device-search"
              labelText="Search"
              onChange={[Function]}
              placeHolderText="Search Devices"
              small={true}
              type="text"
            />
          </UNDEFINED>,
          "className": "DeviceOverview__search-bar-container",
        },
        "ref": null,
        "rendered": Object {
          "instance": null,
          "key": undefined,
          "nodeType": "function",
          "props": Object {
            "children": <Search
              className="DeviceOverview__search-bar"
              id="device-search"
              labelText="Search"
              onChange={[Function]}
              placeHolderText="Search Devices"
              small={true}
              type="text"
            />,
          },
          "ref": null,
          "rendered": Object {
            "instance": null,
            "key": undefined,
            "nodeType": "class",
            "props": Object {
              "className": "DeviceOverview__search-bar",
              "id": "device-search",
              "labelText": "Search",
              "onChange": [Function],
              "placeHolderText": "Search Devices",
              "small": true,
              "type": "text",
            },
            "ref": null,
            "rendered": null,
            "type": [Function],
          },
          "type": Symbol(react.fragment),
        },
        "type": "div",
      },
      Object {
        "instance": null,
        "key": undefined,
        "nodeType": "host",
        "props": Object {
          "children": <div>
            <div
              style={
                Object {
                  "display": "flex",
                  "justifyContent": "center",
                }
              }
            >
              <Loading
                active={true}
                small={true}
                withOverlay={false}
              />
            </div>
            <div>
              Loading. Please Wait...
            </div>
          </div>,
          "className": "DeviceOverview__content DeviceOverview__content-loading",
        },
        "ref": null,
        "rendered": Object {
          "instance": null,
          "key": undefined,
          "nodeType": "host",
          "props": Object {
            "children": Array [
              <div
                style={
                  Object {
                    "display": "flex",
                    "justifyContent": "center",
                  }
                }
              >
                <Loading
                  active={true}
                  small={true}
                  withOverlay={false}
                />
              </div>,
              <div>
                Loading. Please Wait...
              </div>,
            ],
          },
          "ref": null,
          "rendered": Array [
            Object {
              "instance": null,
              "key": undefined,
              "nodeType": "host",
              "props": Object {
                "children": <Loading
                  active={true}
                  small={true}
                  withOverlay={false}
                />,
                "style": Object {
                  "display": "flex",
                  "justifyContent": "center",
                },
              },
              "ref": null,
              "rendered": Object {
                "instance": null,
                "key": undefined,
                "nodeType": "class",
                "props": Object {
                  "active": true,
                  "small": true,
                  "withOverlay": false,
                },
                "ref": null,
                "rendered": null,
                "type": [Function],
              },
              "type": "div",
            },
            Object {
              "instance": null,
              "key": undefined,
              "nodeType": "host",
              "props": Object {
                "children": "Loading. Please Wait...",
              },
              "ref": null,
              "rendered": "Loading. Please Wait...",
              "type": "div",
            },
          ],
          "type": "div",
        },
        "type": "div",
      },
    ],
    "type": "div",
  },
  Symbol(enzyme.__nodes__): Array [
    Object {
      "instance": null,
      "key": undefined,
      "nodeType": "host",
      "props": Object {
        "children": Array [
          <div
            className="DeviceOverview__search-bar-container"
          >
            <UNDEFINED>
              <Search
                className="DeviceOverview__search-bar"
                id="device-search"
                labelText="Search"
                onChange={[Function]}
                placeHolderText="Search Devices"
                small={true}
                type="text"
              />
            </UNDEFINED>
          </div>,
          <div
            className="DeviceOverview__content DeviceOverview__content-loading"
          >
            <div>
              <div
                style={
                  Object {
                    "display": "flex",
                    "justifyContent": "center",
                  }
                }
              >
                <Loading
                  active={true}
                  small={true}
                  withOverlay={false}
                />
              </div>
              <div>
                Loading. Please Wait...
              </div>
            </div>
          </div>,
        ],
        "className": "DeviceOverview",
      },
      "ref": null,
      "rendered": Array [
        Object {
          "instance": null,
          "key": undefined,
          "nodeType": "host",
          "props": Object {
            "children": <UNDEFINED>
              <Search
                className="DeviceOverview__search-bar"
                id="device-search"
                labelText="Search"
                onChange={[Function]}
                placeHolderText="Search Devices"
                small={true}
                type="text"
              />
            </UNDEFINED>,
            "className": "DeviceOverview__search-bar-container",
          },
          "ref": null,
          "rendered": Object {
            "instance": null,
            "key": undefined,
            "nodeType": "function",
            "props": Object {
              "children": <Search
                className="DeviceOverview__search-bar"
                id="device-search"
                labelText="Search"
                onChange={[Function]}
                placeHolderText="Search Devices"
                small={true}
                type="text"
              />,
            },
            "ref": null,
            "rendered": Object {
              "instance": null,
              "key": undefined,
              "nodeType": "class",
              "props": Object {
                "className": "DeviceOverview__search-bar",
                "id": "device-search",
                "labelText": "Search",
                "onChange": [Function],
                "placeHolderText": "Search Devices",
                "small": true,
                "type": "text",
              },
              "ref": null,
              "rendered": null,
              "type": [Function],
            },
            "type": Symbol(react.fragment),
          },
          "type": "div",
        },
        Object {
          "instance": null,
          "key": undefined,
          "nodeType": "host",
          "props": Object {
            "children": <div>
              <div
                style={
                  Object {
                    "display": "flex",
                    "justifyContent": "center",
                  }
                }
              >
                <Loading
                  active={true}
                  small={true}
                  withOverlay={false}
                />
              </div>
              <div>
                Loading. Please Wait...
              </div>
            </div>,
            "className": "DeviceOverview__content DeviceOverview__content-loading",
          },
          "ref": null,
          "rendered": Object {
            "instance": null,
            "key": undefined,
            "nodeType": "host",
            "props": Object {
              "children": Array [
                <div
                  style={
                    Object {
                      "display": "flex",
                      "justifyContent": "center",
                    }
                  }
                >
                  <Loading
                    active={true}
                    small={true}
                    withOverlay={false}
                  />
                </div>,
                <div>
                  Loading. Please Wait...
                </div>,
              ],
            },
            "ref": null,
            "rendered": Array [
              Object {
                "instance": null,
                "key": undefined,
                "nodeType": "host",
                "props": Object {
                  "children": <Loading
                    active={true}
                    small={true}
                    withOverlay={false}
                  />,
                  "style": Object {
                    "display": "flex",
                    "justifyContent": "center",
                  },
                },
                "ref": null,
                "rendered": Object {
                  "instance": null,
                  "key": undefined,
                  "nodeType": "class",
                  "props": Object {
                    "active": true,
                    "small": true,
                    "withOverlay": false,
                  },
                  "ref": null,
                  "rendered": null,
                  "type": [Function],
                },
                "type": "div",
              },
              Object {
                "instance": null,
                "key": undefined,
                "nodeType": "host",
                "props": Object {
                  "children": "Loading. Please Wait...",
                },
                "ref": null,
                "rendered": "Loading. Please Wait...",
                "type": "div",
              },
            ],
            "type": "div",
          },
          "type": "div",
        },
      ],
      "type": "div",
    },
  ],
  Symbol(enzyme.__options__): Object {
    "adapter": ReactSixteenAdapter {
      "options": Object {
        "enableComponentDidUpdateOnSetState": true,
      },
    },
  },
}
`;
