// Jest Snapshot v1, https://goo.gl/fbAQLP

exports[`Overview.jsx renders without crashing 1`] = `
ShallowWrapper {
  "length": 1,
  Symbol(enzyme.__root__): [Circular],
  Symbol(enzyme.__unrendered__): <OverviewHeader />,
  Symbol(enzyme.__renderer__): Object {
    "batchedUpdates": [Function],
    "getNode": [Function],
    "render": [Function],
    "simulateEvent": [Function],
    "unmount": [Function],
  },
  Symbol(enzyme.__node__): Object {
    "instance": null,
    "key": undefined,
    "nodeType": "host",
    "props": Object {
      "children": Array [
        <div
          className="OverviewHeader__title"
        >
          <h1>
            Overview
          </h1>
        </div>,
        <div
          className="OverviewHeader__tabs-container"
        >
          <div
            className="OverviewHeader__tabs"
          >
            <Tabs
              ariaLabel="listbox"
              href="#"
              iconDescription="show menu options"
              onSelectionChange={[Function]}
              role="navigation"
              selected={0}
              triggerHref="#"
            >
              <Tab
                className="OverviewHeader__tab"
                href="#"
                label="Devices"
                onClick={[Function]}
                onKeyDown={[Function]}
                role="presentation"
                selected={false}
                tabIndex={0}
              />
              <Tab
                className="OverviewHeader__tab"
                href="#"
                label="Policies"
                onClick={[Function]}
                onKeyDown={[Function]}
                role="presentation"
                selected={false}
                tabIndex={0}
              />
            </Tabs>
          </div>
        </div>,
        <div
          className="OverviewHeader__title"
        />,
      ],
      "className": "OverviewHeader",
    },
    "ref": null,
    "rendered": Array [
      Object {
        "instance": null,
        "key": undefined,
        "nodeType": "host",
        "props": Object {
          "children": <h1>
            Overview
          </h1>,
          "className": "OverviewHeader__title",
        },
        "ref": null,
        "rendered": Object {
          "instance": null,
          "key": undefined,
          "nodeType": "host",
          "props": Object {
            "children": "Overview",
          },
          "ref": null,
          "rendered": "Overview",
          "type": "h1",
        },
        "type": "div",
      },
      Object {
        "instance": null,
        "key": undefined,
        "nodeType": "host",
        "props": Object {
          "children": <div
            className="OverviewHeader__tabs"
          >
            <Tabs
              ariaLabel="listbox"
              href="#"
              iconDescription="show menu options"
              onSelectionChange={[Function]}
              role="navigation"
              selected={0}
              triggerHref="#"
            >
              <Tab
                className="OverviewHeader__tab"
                href="#"
                label="Devices"
                onClick={[Function]}
                onKeyDown={[Function]}
                role="presentation"
                selected={false}
                tabIndex={0}
              />
              <Tab
                className="OverviewHeader__tab"
                href="#"
                label="Policies"
                onClick={[Function]}
                onKeyDown={[Function]}
                role="presentation"
                selected={false}
                tabIndex={0}
              />
            </Tabs>
          </div>,
          "className": "OverviewHeader__tabs-container",
        },
        "ref": null,
        "rendered": Object {
          "instance": null,
          "key": undefined,
          "nodeType": "host",
          "props": Object {
            "children": <Tabs
              ariaLabel="listbox"
              href="#"
              iconDescription="show menu options"
              onSelectionChange={[Function]}
              role="navigation"
              selected={0}
              triggerHref="#"
            >
              <Tab
                className="OverviewHeader__tab"
                href="#"
                label="Devices"
                onClick={[Function]}
                onKeyDown={[Function]}
                role="presentation"
                selected={false}
                tabIndex={0}
              />
              <Tab
                className="OverviewHeader__tab"
                href="#"
                label="Policies"
                onClick={[Function]}
                onKeyDown={[Function]}
                role="presentation"
                selected={false}
                tabIndex={0}
              />
            </Tabs>,
            "className": "OverviewHeader__tabs",
          },
          "ref": null,
          "rendered": Object {
            "instance": null,
            "key": undefined,
            "nodeType": "class",
            "props": Object {
              "ariaLabel": "listbox",
              "children": Array [
                <Tab
                  className="OverviewHeader__tab"
                  href="#"
                  label="Devices"
                  onClick={[Function]}
                  onKeyDown={[Function]}
                  role="presentation"
                  selected={false}
                  tabIndex={0}
                />,
                <Tab
                  className="OverviewHeader__tab"
                  href="#"
                  label="Policies"
                  onClick={[Function]}
                  onKeyDown={[Function]}
                  role="presentation"
                  selected={false}
                  tabIndex={0}
                />,
              ],
              "href": "#",
              "iconDescription": "show menu options",
              "onSelectionChange": [Function],
              "role": "navigation",
              "selected": 0,
              "triggerHref": "#",
            },
            "ref": null,
            "rendered": Array [
              Object {
                "instance": null,
                "key": undefined,
                "nodeType": "class",
                "props": Object {
                  "className": "OverviewHeader__tab",
                  "href": "#",
                  "label": "Devices",
                  "onClick": [Function],
                  "onKeyDown": [Function],
                  "role": "presentation",
                  "selected": false,
                  "tabIndex": 0,
                },
                "ref": null,
                "rendered": null,
                "type": [Function],
              },
              Object {
                "instance": null,
                "key": undefined,
                "nodeType": "class",
                "props": Object {
                  "className": "OverviewHeader__tab",
                  "href": "#",
                  "label": "Policies",
                  "onClick": [Function],
                  "onKeyDown": [Function],
                  "role": "presentation",
                  "selected": false,
                  "tabIndex": 0,
                },
                "ref": null,
                "rendered": null,
                "type": [Function],
              },
            ],
            "type": [Function],
          },
          "type": "div",
        },
        "type": "div",
      },
      Object {
        "instance": null,
        "key": undefined,
        "nodeType": "host",
        "props": Object {
          "className": "OverviewHeader__title",
        },
        "ref": null,
        "rendered": null,
        "type": "div",
      },
    ],
    "type": "div",
  },
  Symbol(enzyme.__nodes__): Array [
    Object {
      "instance": null,
      "key": undefined,
      "nodeType": "host",
      "props": Object {
        "children": Array [
          <div
            className="OverviewHeader__title"
          >
            <h1>
              Overview
            </h1>
          </div>,
          <div
            className="OverviewHeader__tabs-container"
          >
            <div
              className="OverviewHeader__tabs"
            >
              <Tabs
                ariaLabel="listbox"
                href="#"
                iconDescription="show menu options"
                onSelectionChange={[Function]}
                role="navigation"
                selected={0}
                triggerHref="#"
              >
                <Tab
                  className="OverviewHeader__tab"
                  href="#"
                  label="Devices"
                  onClick={[Function]}
                  onKeyDown={[Function]}
                  role="presentation"
                  selected={false}
                  tabIndex={0}
                />
                <Tab
                  className="OverviewHeader__tab"
                  href="#"
                  label="Policies"
                  onClick={[Function]}
                  onKeyDown={[Function]}
                  role="presentation"
                  selected={false}
                  tabIndex={0}
                />
              </Tabs>
            </div>
          </div>,
          <div
            className="OverviewHeader__title"
          />,
        ],
        "className": "OverviewHeader",
      },
      "ref": null,
      "rendered": Array [
        Object {
          "instance": null,
          "key": undefined,
          "nodeType": "host",
          "props": Object {
            "children": <h1>
              Overview
            </h1>,
            "className": "OverviewHeader__title",
          },
          "ref": null,
          "rendered": Object {
            "instance": null,
            "key": undefined,
            "nodeType": "host",
            "props": Object {
              "children": "Overview",
            },
            "ref": null,
            "rendered": "Overview",
            "type": "h1",
          },
          "type": "div",
        },
        Object {
          "instance": null,
          "key": undefined,
          "nodeType": "host",
          "props": Object {
            "children": <div
              className="OverviewHeader__tabs"
            >
              <Tabs
                ariaLabel="listbox"
                href="#"
                iconDescription="show menu options"
                onSelectionChange={[Function]}
                role="navigation"
                selected={0}
                triggerHref="#"
              >
                <Tab
                  className="OverviewHeader__tab"
                  href="#"
                  label="Devices"
                  onClick={[Function]}
                  onKeyDown={[Function]}
                  role="presentation"
                  selected={false}
                  tabIndex={0}
                />
                <Tab
                  className="OverviewHeader__tab"
                  href="#"
                  label="Policies"
                  onClick={[Function]}
                  onKeyDown={[Function]}
                  role="presentation"
                  selected={false}
                  tabIndex={0}
                />
              </Tabs>
            </div>,
            "className": "OverviewHeader__tabs-container",
          },
          "ref": null,
          "rendered": Object {
            "instance": null,
            "key": undefined,
            "nodeType": "host",
            "props": Object {
              "children": <Tabs
                ariaLabel="listbox"
                href="#"
                iconDescription="show menu options"
                onSelectionChange={[Function]}
                role="navigation"
                selected={0}
                triggerHref="#"
              >
                <Tab
                  className="OverviewHeader__tab"
                  href="#"
                  label="Devices"
                  onClick={[Function]}
                  onKeyDown={[Function]}
                  role="presentation"
                  selected={false}
                  tabIndex={0}
                />
                <Tab
                  className="OverviewHeader__tab"
                  href="#"
                  label="Policies"
                  onClick={[Function]}
                  onKeyDown={[Function]}
                  role="presentation"
                  selected={false}
                  tabIndex={0}
                />
              </Tabs>,
              "className": "OverviewHeader__tabs",
            },
            "ref": null,
            "rendered": Object {
              "instance": null,
              "key": undefined,
              "nodeType": "class",
              "props": Object {
                "ariaLabel": "listbox",
                "children": Array [
                  <Tab
                    className="OverviewHeader__tab"
                    href="#"
                    label="Devices"
                    onClick={[Function]}
                    onKeyDown={[Function]}
                    role="presentation"
                    selected={false}
                    tabIndex={0}
                  />,
                  <Tab
                    className="OverviewHeader__tab"
                    href="#"
                    label="Policies"
                    onClick={[Function]}
                    onKeyDown={[Function]}
                    role="presentation"
                    selected={false}
                    tabIndex={0}
                  />,
                ],
                "href": "#",
                "iconDescription": "show menu options",
                "onSelectionChange": [Function],
                "role": "navigation",
                "selected": 0,
                "triggerHref": "#",
              },
              "ref": null,
              "rendered": Array [
                Object {
                  "instance": null,
                  "key": undefined,
                  "nodeType": "class",
                  "props": Object {
                    "className": "OverviewHeader__tab",
                    "href": "#",
                    "label": "Devices",
                    "onClick": [Function],
                    "onKeyDown": [Function],
                    "role": "presentation",
                    "selected": false,
                    "tabIndex": 0,
                  },
                  "ref": null,
                  "rendered": null,
                  "type": [Function],
                },
                Object {
                  "instance": null,
                  "key": undefined,
                  "nodeType": "class",
                  "props": Object {
                    "className": "OverviewHeader__tab",
                    "href": "#",
                    "label": "Policies",
                    "onClick": [Function],
                    "onKeyDown": [Function],
                    "role": "presentation",
                    "selected": false,
                    "tabIndex": 0,
                  },
                  "ref": null,
                  "rendered": null,
                  "type": [Function],
                },
              ],
              "type": [Function],
            },
            "type": "div",
          },
          "type": "div",
        },
        Object {
          "instance": null,
          "key": undefined,
          "nodeType": "host",
          "props": Object {
            "className": "OverviewHeader__title",
          },
          "ref": null,
          "rendered": null,
          "type": "div",
        },
      ],
      "type": "div",
    },
  ],
  Symbol(enzyme.__options__): Object {
    "adapter": ReactSixteenAdapter {
      "options": Object {
        "enableComponentDidUpdateOnSetState": true,
      },
    },
  },
}
`;
