// Jest Snapshot v1, https://goo.gl/fbAQLP

exports[`NotFound.jsx renders without crashing 1`] = `
ShallowWrapper {
  "length": 1,
  Symbol(enzyme.__root__): [Circular],
  Symbol(enzyme.__unrendered__): <NotFound />,
  Symbol(enzyme.__renderer__): Object {
    "batchedUpdates": [Function],
    "getNode": [Function],
    "render": [Function],
    "simulateEvent": [Function],
    "unmount": [Function],
  },
  Symbol(enzyme.__node__): Object {
    "instance": null,
    "key": undefined,
    "nodeType": "host",
    "props": Object {
      "children": Array [
        <img
          alt="OpenTRV logo"
          src="opentrv.jpg"
          style={
            Object {
              "paddingBottom": "100px",
              "paddingTop": "100px",
            }
          }
        />,
        <h1>
          404 - Not Found
        </h1>,
      ],
      "className": "NotFound",
    },
    "ref": null,
    "rendered": Array [
      Object {
        "instance": null,
        "key": undefined,
        "nodeType": "host",
        "props": Object {
          "alt": "OpenTRV logo",
          "src": "opentrv.jpg",
          "style": Object {
            "paddingBottom": "100px",
            "paddingTop": "100px",
          },
        },
        "ref": null,
        "rendered": null,
        "type": "img",
      },
      Object {
        "instance": null,
        "key": undefined,
        "nodeType": "host",
        "props": Object {
          "children": "404 - Not Found",
        },
        "ref": null,
        "rendered": "404 - Not Found",
        "type": "h1",
      },
    ],
    "type": "div",
  },
  Symbol(enzyme.__nodes__): Array [
    Object {
      "instance": null,
      "key": undefined,
      "nodeType": "host",
      "props": Object {
        "children": Array [
          <img
            alt="OpenTRV logo"
            src="opentrv.jpg"
            style={
              Object {
                "paddingBottom": "100px",
                "paddingTop": "100px",
              }
            }
          />,
          <h1>
            404 - Not Found
          </h1>,
        ],
        "className": "NotFound",
      },
      "ref": null,
      "rendered": Array [
        Object {
          "instance": null,
          "key": undefined,
          "nodeType": "host",
          "props": Object {
            "alt": "OpenTRV logo",
            "src": "opentrv.jpg",
            "style": Object {
              "paddingBottom": "100px",
              "paddingTop": "100px",
            },
          },
          "ref": null,
          "rendered": null,
          "type": "img",
        },
        Object {
          "instance": null,
          "key": undefined,
          "nodeType": "host",
          "props": Object {
            "children": "404 - Not Found",
          },
          "ref": null,
          "rendered": "404 - Not Found",
          "type": "h1",
        },
      ],
      "type": "div",
    },
  ],
  Symbol(enzyme.__options__): Object {
    "adapter": ReactSixteenAdapter {
      "options": Object {
        "enableComponentDidUpdateOnSetState": true,
      },
    },
  },
}
`;
