// Jest Snapshot v1, https://goo.gl/fbAQLP

exports[`DeviceTile.jsx renders without crashing 1`] = `
ShallowWrapper {
  "length": 1,
  Symbol(enzyme.__root__): [Circular],
  Symbol(enzyme.__unrendered__): <DeviceTile
    active={false}
    name="test"
    temp={26.3}
  />,
  Symbol(enzyme.__renderer__): Object {
    "batchedUpdates": [Function],
    "getNode": [Function],
    "render": [Function],
    "simulateEvent": [Function],
    "unmount": [Function],
  },
  Symbol(enzyme.__node__): Object {
    "instance": null,
    "key": undefined,
    "nodeType": "host",
    "props": Object {
      "children": Array [
        <div
          className="DeviceTile__overflow-container"
        >
          <OverflowMenu
            ariaLabel="list of options"
            className="DeviceTile__overflow-menu"
            flipped={false}
            floatingMenu={false}
            iconDescription="open and close list of options"
            iconName="overflow-menu"
            menuOffset={
              Object {
                "left": 60.5,
                "top": 0,
              }
            }
            menuOffsetFlip={
              Object {
                "left": -60.5,
                "top": 0,
              }
            }
            onClick={[Function]}
            open={false}
            tabIndex={0}
          >
            <OverflowMenuItem
              hasDivider={false}
              isDelete={false}
              itemText="Provide itemText"
              onClick={[Function]}
            />
          </OverflowMenu>
        </div>,
        <div
          className="DeviceTile__name-container"
        >
          <h3>
            test
          </h3>
        </div>,
        <h3>
          26.3
           degrees
        </h3>,
        <h3>
          false
        </h3>,
      ],
      "className": "DeviceTile",
    },
    "ref": null,
    "rendered": Array [
      Object {
        "instance": null,
        "key": undefined,
        "nodeType": "host",
        "props": Object {
          "children": <OverflowMenu
            ariaLabel="list of options"
            className="DeviceTile__overflow-menu"
            flipped={false}
            floatingMenu={false}
            iconDescription="open and close list of options"
            iconName="overflow-menu"
            menuOffset={
              Object {
                "left": 60.5,
                "top": 0,
              }
            }
            menuOffsetFlip={
              Object {
                "left": -60.5,
                "top": 0,
              }
            }
            onClick={[Function]}
            open={false}
            tabIndex={0}
          >
            <OverflowMenuItem
              hasDivider={false}
              isDelete={false}
              itemText="Provide itemText"
              onClick={[Function]}
            />
          </OverflowMenu>,
          "className": "DeviceTile__overflow-container",
        },
        "ref": null,
        "rendered": Object {
          "instance": null,
          "key": undefined,
          "nodeType": "class",
          "props": Object {
            "ariaLabel": "list of options",
            "children": <OverflowMenuItem
              hasDivider={false}
              isDelete={false}
              itemText="Provide itemText"
              onClick={[Function]}
            />,
            "className": "DeviceTile__overflow-menu",
            "flipped": false,
            "floatingMenu": false,
            "iconDescription": "open and close list of options",
            "iconName": "overflow-menu",
            "menuOffset": Object {
              "left": 60.5,
              "top": 0,
            },
            "menuOffsetFlip": Object {
              "left": -60.5,
              "top": 0,
            },
            "onClick": [Function],
            "open": false,
            "tabIndex": 0,
          },
          "ref": null,
          "rendered": Object {
            "instance": null,
            "key": undefined,
            "nodeType": "function",
            "props": Object {
              "hasDivider": false,
              "isDelete": false,
              "itemText": "Provide itemText",
              "onClick": [Function],
            },
            "ref": null,
            "rendered": null,
            "type": [Function],
          },
          "type": [Function],
        },
        "type": "div",
      },
      Object {
        "instance": null,
        "key": undefined,
        "nodeType": "host",
        "props": Object {
          "children": <h3>
            test
          </h3>,
          "className": "DeviceTile__name-container",
        },
        "ref": null,
        "rendered": Object {
          "instance": null,
          "key": undefined,
          "nodeType": "host",
          "props": Object {
            "children": "test",
          },
          "ref": null,
          "rendered": "test",
          "type": "h3",
        },
        "type": "div",
      },
      Object {
        "instance": null,
        "key": undefined,
        "nodeType": "host",
        "props": Object {
          "children": Array [
            26.3,
            " degrees",
          ],
        },
        "ref": null,
        "rendered": Array [
          26.3,
          " degrees",
        ],
        "type": "h3",
      },
      Object {
        "instance": null,
        "key": undefined,
        "nodeType": "host",
        "props": Object {
          "children": "false",
        },
        "ref": null,
        "rendered": "false",
        "type": "h3",
      },
    ],
    "type": "div",
  },
  Symbol(enzyme.__nodes__): Array [
    Object {
      "instance": null,
      "key": undefined,
      "nodeType": "host",
      "props": Object {
        "children": Array [
          <div
            className="DeviceTile__overflow-container"
          >
            <OverflowMenu
              ariaLabel="list of options"
              className="DeviceTile__overflow-menu"
              flipped={false}
              floatingMenu={false}
              iconDescription="open and close list of options"
              iconName="overflow-menu"
              menuOffset={
                Object {
                  "left": 60.5,
                  "top": 0,
                }
              }
              menuOffsetFlip={
                Object {
                  "left": -60.5,
                  "top": 0,
                }
              }
              onClick={[Function]}
              open={false}
              tabIndex={0}
            >
              <OverflowMenuItem
                hasDivider={false}
                isDelete={false}
                itemText="Provide itemText"
                onClick={[Function]}
              />
            </OverflowMenu>
          </div>,
          <div
            className="DeviceTile__name-container"
          >
            <h3>
              test
            </h3>
          </div>,
          <h3>
            26.3
             degrees
          </h3>,
          <h3>
            false
          </h3>,
        ],
        "className": "DeviceTile",
      },
      "ref": null,
      "rendered": Array [
        Object {
          "instance": null,
          "key": undefined,
          "nodeType": "host",
          "props": Object {
            "children": <OverflowMenu
              ariaLabel="list of options"
              className="DeviceTile__overflow-menu"
              flipped={false}
              floatingMenu={false}
              iconDescription="open and close list of options"
              iconName="overflow-menu"
              menuOffset={
                Object {
                  "left": 60.5,
                  "top": 0,
                }
              }
              menuOffsetFlip={
                Object {
                  "left": -60.5,
                  "top": 0,
                }
              }
              onClick={[Function]}
              open={false}
              tabIndex={0}
            >
              <OverflowMenuItem
                hasDivider={false}
                isDelete={false}
                itemText="Provide itemText"
                onClick={[Function]}
              />
            </OverflowMenu>,
            "className": "DeviceTile__overflow-container",
          },
          "ref": null,
          "rendered": Object {
            "instance": null,
            "key": undefined,
            "nodeType": "class",
            "props": Object {
              "ariaLabel": "list of options",
              "children": <OverflowMenuItem
                hasDivider={false}
                isDelete={false}
                itemText="Provide itemText"
                onClick={[Function]}
              />,
              "className": "DeviceTile__overflow-menu",
              "flipped": false,
              "floatingMenu": false,
              "iconDescription": "open and close list of options",
              "iconName": "overflow-menu",
              "menuOffset": Object {
                "left": 60.5,
                "top": 0,
              },
              "menuOffsetFlip": Object {
                "left": -60.5,
                "top": 0,
              },
              "onClick": [Function],
              "open": false,
              "tabIndex": 0,
            },
            "ref": null,
            "rendered": Object {
              "instance": null,
              "key": undefined,
              "nodeType": "function",
              "props": Object {
                "hasDivider": false,
                "isDelete": false,
                "itemText": "Provide itemText",
                "onClick": [Function],
              },
              "ref": null,
              "rendered": null,
              "type": [Function],
            },
            "type": [Function],
          },
          "type": "div",
        },
        Object {
          "instance": null,
          "key": undefined,
          "nodeType": "host",
          "props": Object {
            "children": <h3>
              test
            </h3>,
            "className": "DeviceTile__name-container",
          },
          "ref": null,
          "rendered": Object {
            "instance": null,
            "key": undefined,
            "nodeType": "host",
            "props": Object {
              "children": "test",
            },
            "ref": null,
            "rendered": "test",
            "type": "h3",
          },
          "type": "div",
        },
        Object {
          "instance": null,
          "key": undefined,
          "nodeType": "host",
          "props": Object {
            "children": Array [
              26.3,
              " degrees",
            ],
          },
          "ref": null,
          "rendered": Array [
            26.3,
            " degrees",
          ],
          "type": "h3",
        },
        Object {
          "instance": null,
          "key": undefined,
          "nodeType": "host",
          "props": Object {
            "children": "false",
          },
          "ref": null,
          "rendered": "false",
          "type": "h3",
        },
      ],
      "type": "div",
    },
  ],
  Symbol(enzyme.__options__): Object {
    "adapter": ReactSixteenAdapter {
      "options": Object {
        "enableComponentDidUpdateOnSetState": true,
      },
    },
  },
}
`;
