// Jest Snapshot v1, https://goo.gl/fbAQLP

exports[`App.jsx renders without crashing 1`] = `"{\\"_reactInternalInstance\\":\\"censored\\"}"`;
