// Jest Snapshot v1, https://goo.gl/fbAQLP

exports[`MainContent.jsx renders without crashing 1`] = `"{\\"_reactInternalInstance\\":\\"censored\\"}"`;
